[Message:   BepInEx] BepInEx 5.4.22.0 - valheim (7/9/2024 8:44:25 PM)
[Message:   BepInEx] User is running BepInExPack Valheim version 5.4.2202 from Thunderstore
[Info   :   BepInEx] Running under Unity v2022.3.17.5228416
[Info   :   BepInEx] CLR runtime version: 4.0.30319.42000
[Info   :   BepInEx] Supports SRE: True
[Info   :   BepInEx] System platform: Bits64, Windows
[Message:   BepInEx] Preloader started
[Info   :   BepInEx] Loaded 1 patcher method from [BepInEx.Preloader 5.4.22.0]
[Info   :   BepInEx] Loaded 1 patcher method from [BepInEx.MonoMod.HookGenPatcher 1.2.0.0]
[Info   :   BepInEx] 2 patcher plugins loaded
[Info   :HookGenPatcher] Previous MMHOOK location found. Using that location to save instead.
[Info   :HookGenPatcher] Already ran for this version, reusing that file.
[Info   :HookGenPatcher] Previous MMHOOK location found. Using that location to save instead.
[Info   :HookGenPatcher] Already ran for this version, reusing that file.
[Info   :HookGenPatcher] Previous MMHOOK location found. Using that location to save instead.
[Info   :HookGenPatcher] Already ran for this version, reusing that file.
[Info   :HookGenPatcher] Previous MMHOOK location found. Using that location to save instead.
[Info   :HookGenPatcher] Already ran for this version, reusing that file.
[Info   :HookGenPatcher] Previous MMHOOK location found. Using that location to save instead.
[Info   :HookGenPatcher] Already ran for this version, reusing that file.
[Info   :HookGenPatcher] Previous MMHOOK location found. Using that location to save instead.
[Info   :HookGenPatcher] Already ran for this version, reusing that file.
[Info   :HookGenPatcher] Previous MMHOOK location found. Using that location to save instead.
[Info   :HookGenPatcher] Already ran for this version, reusing that file.
[Info   :HookGenPatcher] Previous MMHOOK location found. Using that location to save instead.
[Info   :HookGenPatcher] Already ran for this version, reusing that file.
[Info   :   BepInEx] Patching [UnityEngine.CoreModule] with [BepInEx.Chainloader]
[Message:   BepInEx] Preloader finished
[Message:   BepInEx] Chainloader ready
[Message:   BepInEx] Chainloader started
[Info   :   BepInEx] 28 plugins to load
[Info   :   BepInEx] Loading [PlantEverything 1.18.1]
[Info   :   BepInEx] Loading [OALanternFix 1.0.0]
[Info   :   BepInEx] Loading [Jotunn 2.21.1]
[Info   :Jotunn.Main] Initializing ModCompatibility
[Info   :Jotunn.Main] Initializing SynchronizationManager
[Info   :Jotunn.Main] Initializing NetworkManager
[Info   :   BepInEx] Loading [FarmGrid 0.5.0]
[Info   :   BepInEx] Loading [RRRCore 3.1.5]
[Info   :   BepInEx] Loading [MissingPieces 2.2.0]
[Info   :Jotunn.Main] Initializing LocalizationManager
[Info   :Jotunn.Main] Initializing PieceManager
[Info   :Jotunn.Main] Initializing PrefabManager
[Info   :Jotunn.Main] Initializing MockManager
[Info   :Jotunn.Main] Initializing AssetManager
[Info   :MissingPieces.MissingPiecesPlugin] Missing Pieces landed!
[Info   :   BepInEx] Loading [BoneAppetit 3.3.0]
[Message:Boneappetit.BoneAppetit] Prepping Kitchen...
[Info   :Jotunn.Main] Initializing ItemManager
[Message:Boneappetit.BoneAppetit] Big thanks to MeatwareMonster!
[Info   :Jotunn.Main] Initializing SkillManager
[Info   :   BepInEx] Loading [Valharvest 3.1.2]
[Info   :Valharvest.Main] Preparing the plants...
[Info   :Valharvest.Scripts.Loaders] Loaded pieces
[Info   :   BepInEx] Loading [UnrestrictedPortals 1.0.0.0]
[Info   :   BepInEx] Loading [MultiUserChest 0.6.0]
[Info   :   BepInEx] Loading [Better Networking 2.3.2]
[Info   :   BepInEx] Loading [OdinsFoodBarrels 1.0.27]
[Info   : Unity Log] 10/27/2024 14:56:46: Loaded localization file #0 - 'localization' language: 'English'

[Info   : Unity Log] 10/27/2024 14:56:46: Loaded localization file #1 - 'localization_extra' language: 'English'

[Info   : Unity Log] 10/27/2024 14:56:46: Loaded localization file #2 - 'heightmap_message' language: 'English'

[Info   : Unity Log] 10/27/2024 14:56:46: Loaded localization file #3 - 'localization_hildir' language: 'English'

[Info   : Unity Log] 10/27/2024 14:56:46: Loaded localization file #4 - 'localization_emotes' language: 'English'

[Info   : Unity Log] 10/27/2024 14:56:46: Loaded localization file #5 - 'localization_ashlands' language: 'English'

[Info   : Unity Log] 10/27/2024 14:56:46: Loaded localization file #0 - 'localization' language: 'English'

[Info   : Unity Log] 10/27/2024 14:56:46: Loaded localization file #1 - 'localization_extra' language: 'English'

[Info   : Unity Log] 10/27/2024 14:56:46: Loaded localization file #2 - 'heightmap_message' language: 'English'

[Info   : Unity Log] 10/27/2024 14:56:46: Loaded localization file #3 - 'localization_hildir' language: 'English'

[Info   : Unity Log] 10/27/2024 14:56:46: Loaded localization file #4 - 'localization_emotes' language: 'English'

[Info   : Unity Log] 10/27/2024 14:56:46: Loaded localization file #5 - 'localization_ashlands' language: 'English'

[Info   :   BepInEx] Loading [Better Archery 1.9.7]
[Info   :   BepInEx] Loading [Seed Totem 4.3.3]
[Info   :   BepInEx] Loading [MarketplaceAndServerNPCs 9.3.3]
[10/27/2024 2:56:47 PM] [kg.Marketplace] Marketplace Working As: Client
[Info   :   BepInEx] Loading [OdinShipPlus 0.5.8]
[Info   :   BepInEx] Loading [SeaAnimals 0.2.6]
[Info   :   BepInEx] Loading [Item Drawers 0.5.7]
[Info   :AuthoritativeConfig_mkz.itemdrawers] Initialized Server Authoritative Config Manager.
[Info   :   BepInEx] Loading [ItemStacks 1.2.0]
[Info   :ItemStacks] ItemStacks loaded.
[Info   :   BepInEx] Loading [Speedy Paths Mod 1.0.8]
[Info   :AuthoritativeConfig_nex.SpeedyPaths] Initialized Server Authoritative Config Manager.
[Info   :   BepInEx] Loading [Foraging 1.0.9]
[Info   :   BepInEx] Loading [Mining 1.1.5]
[Info   :   BepInEx] Loading [PackHorse 1.0.3]
[Info   :   BepInEx] Loading [Display BepInEx Info In-Game 2.0.2]
[Info   :   BepInEx] Loading [OdinArchitect 1.3.3]
[Info   :OdinArchitect.OdinArchitect] All the embedded resources was loaded
[Info   :OdinArchitect.OdinArchitect] Loaded items and conversions
[Info   :   BepInEx] Loading [OdinHorse 1.2.6]
[Info   :   BepInEx] Loading [Equipment and Quick Slots 2.1.13]
[Info   :   BepInEx] Loading [TorchesEternal 0.2]
[Message:   BepInEx] Chainloader startup complete
[Info   : Unity Log] Privilege Multiplayer is not known on this platform. Privilege therefore is granted without check...
[Info   : Unity Log] Privilege UserGeneratedContent is not known on this platform. Privilege therefore is granted without check...
[Info   : Unity Log] Privilege CrossPlay is not known on this platform. Privilege therefore is granted without check...
[Info   : Unity Log] 10/27/2024 14:56:59: Set background loading budget to Low

[Info   : Unity Log] 10/27/2024 14:57:00: Using environment steamid 892970

[Info   : Unity Log] 10/27/2024 14:57:00: Using steam APPID:892970

[Info   : Unity Log] 10/27/2024 14:57:00: Authentication:k_ESteamNetworkingAvailability_Attempting

[Info   : Unity Log] 10/27/2024 14:57:00: Starting to load scene:start.unity (169d7618616154c03be07e9ad3af5893)

[Info   : Unity Log] 10/27/2024 14:57:00: Set background loading budget to Normal

[Info   : Unity Log] 10/27/2024 14:57:04: Set background loading budget to High

[Info   : Unity Log] Joystick connected ("Controller (XBOX 360 For Windows)").
[Info   : Unity Log] 10/27/2024 14:57:17: Set background loading budget to Low

[Warning: Unity Log] Only custom filters can be played. Please add a custom filter or an audioclip to the audiosource (Amb_MainMenu).
[Info   : Unity Log] 10/27/2024 14:57:18: Loaded localization file #0 - 'localization' language: 'English'

[Info   : Unity Log] 10/27/2024 14:57:18: Loaded localization file #1 - 'localization_extra' language: 'English'

[Info   : Unity Log] 10/27/2024 14:57:18: Loaded localization file #2 - 'heightmap_message' language: 'English'

[Info   : Unity Log] 10/27/2024 14:57:18: Loaded localization file #3 - 'localization_hildir' language: 'English'

[Info   : Unity Log] 10/27/2024 14:57:18: Loaded localization file #4 - 'localization_emotes' language: 'English'

[Info   : Unity Log] 10/27/2024 14:57:18: Loaded localization file #5 - 'localization_ashlands' language: 'English'

[Info   : Unity Log] 10/27/2024 14:57:18: Loaded localization file #0 - 'localization' language: 'English'

[Info   : Unity Log] 10/27/2024 14:57:18: Loaded localization file #1 - 'localization_extra' language: 'English'

[Info   : Unity Log] 10/27/2024 14:57:18: Loaded localization file #2 - 'heightmap_message' language: 'English'

[Info   : Unity Log] 10/27/2024 14:57:18: Loaded localization file #3 - 'localization_hildir' language: 'English'

[Info   : Unity Log] 10/27/2024 14:57:18: Loaded localization file #4 - 'localization_emotes' language: 'English'

[Info   : Unity Log] 10/27/2024 14:57:18: Loaded localization file #5 - 'localization_ashlands' language: 'English'

[Info   : Unity Log] 10/27/2024 14:57:18: Loaded localization file #0 - 'localization' language: 'English'

[Info   : Unity Log] 10/27/2024 14:57:18: Loaded localization file #1 - 'localization_extra' language: 'English'

[Info   : Unity Log] 10/27/2024 14:57:18: Loaded localization file #2 - 'heightmap_message' language: 'English'

[Info   : Unity Log] 10/27/2024 14:57:18: Loaded localization file #3 - 'localization_hildir' language: 'English'

[Info   : Unity Log] 10/27/2024 14:57:18: Loaded localization file #4 - 'localization_emotes' language: 'English'

[Info   : Unity Log] 10/27/2024 14:57:18: Loaded localization file #5 - 'localization_ashlands' language: 'English'

[Info   : Unity Log] 10/27/2024 14:57:18: Steam initialized, persona:GPSxtreme

[Info   : Unity Log] 10/27/2024 14:57:18: PlayFab custom ID set to "Steam_76561198414638701"

[Info   : Unity Log] 10/27/2024 14:57:18: Using default prefs

[Info   : Unity Log] 10/27/2024 14:57:18: Valheim version: 0.218.21 (network version 31)

[Info   : Unity Log] Trying to set graphic mode to 'Balanced'
[Info   : Unity Log] Graphic mode 'Balanced' applied!
[Info   : Unity Log] 10/27/2024 14:57:18: Worldgenerator version setup:2

[Info   : Unity Log] 10/27/2024 14:57:18: Render threading mode:MultiThreaded

[10/27/2024 2:57:18 PM] [kg.Marketplace] Searching User ID...
[10/27/2024 2:57:18 PM] [kg.Marketplace] User ID found: 76561198414638701
[10/27/2024 2:57:18 PM] [kg.Marketplace] Replaced TMP for NPC
[Info   : Unity Log] 10/27/2024 14:57:18: Loaded localization file #0 - 'localization' language: 'English'

[Info   : Unity Log] 10/27/2024 14:57:18: Loaded localization file #1 - 'localization_extra' language: 'English'

[Info   : Unity Log] 10/27/2024 14:57:18: Loaded localization file #2 - 'heightmap_message' language: 'English'

[Info   : Unity Log] 10/27/2024 14:57:18: Loaded localization file #3 - 'localization_hildir' language: 'English'

[Info   : Unity Log] 10/27/2024 14:57:18: Loaded localization file #4 - 'localization_emotes' language: 'English'

[Info   : Unity Log] 10/27/2024 14:57:18: Loaded localization file #5 - 'localization_ashlands' language: 'English'

[Info   : Unity Log] 10/27/2024 14:57:18: Loaded localization file #0 - 'localization' language: 'English'

[Info   : Unity Log] 10/27/2024 14:57:19: Loaded localization file #1 - 'localization_extra' language: 'English'

[Info   : Unity Log] 10/27/2024 14:57:19: Loaded localization file #2 - 'heightmap_message' language: 'English'

[Info   : Unity Log] 10/27/2024 14:57:19: Loaded localization file #3 - 'localization_hildir' language: 'English'

[Info   : Unity Log] 10/27/2024 14:57:19: Loaded localization file #4 - 'localization_emotes' language: 'English'

[Info   : Unity Log] 10/27/2024 14:57:19: Loaded localization file #5 - 'localization_ashlands' language: 'English'

[Info   : Unity Log] 10/27/2024 14:57:19: Loaded localization file #0 - 'localization' language: 'English'

[Info   : Unity Log] 10/27/2024 14:57:19: Loaded localization file #1 - 'localization_extra' language: 'English'

[Info   : Unity Log] 10/27/2024 14:57:19: Loaded localization file #2 - 'heightmap_message' language: 'English'

[Info   : Unity Log] 10/27/2024 14:57:19: Loaded localization file #3 - 'localization_hildir' language: 'English'

[Info   : Unity Log] 10/27/2024 14:57:19: Loaded localization file #4 - 'localization_emotes' language: 'English'

[Info   : Unity Log] 10/27/2024 14:57:19: Loaded localization file #5 - 'localization_ashlands' language: 'English'

[Info   : Unity Log] 10/27/2024 14:57:19: Loaded localization file #0 - 'localization' language: 'English'

[Info   : Unity Log] 10/27/2024 14:57:19: Loaded localization file #1 - 'localization_extra' language: 'English'

[Info   : Unity Log] 10/27/2024 14:57:19: Loaded localization file #2 - 'heightmap_message' language: 'English'

[Info   : Unity Log] 10/27/2024 14:57:19: Loaded localization file #3 - 'localization_hildir' language: 'English'

[Info   : Unity Log] 10/27/2024 14:57:19: Loaded localization file #4 - 'localization_emotes' language: 'English'

[Info   : Unity Log] 10/27/2024 14:57:19: Loaded localization file #5 - 'localization_ashlands' language: 'English'

[Info   : Unity Log] 10/27/2024 14:57:19: Loaded localization file #0 - 'localization' language: 'English'

[Info   : Unity Log] 10/27/2024 14:57:19: Loaded localization file #1 - 'localization_extra' language: 'English'

[Info   : Unity Log] 10/27/2024 14:57:19: Loaded localization file #2 - 'heightmap_message' language: 'English'

[Info   : Unity Log] 10/27/2024 14:57:19: Loaded localization file #3 - 'localization_hildir' language: 'English'

[Info   : Unity Log] 10/27/2024 14:57:19: Loaded localization file #4 - 'localization_emotes' language: 'English'

[Info   : Unity Log] 10/27/2024 14:57:19: Loaded localization file #5 - 'localization_ashlands' language: 'English'

[Info   : Unity Log] 10/27/2024 14:57:19: Loaded localization file #0 - 'localization' language: 'English'

[Info   : Unity Log] 10/27/2024 14:57:19: Loaded localization file #1 - 'localization_extra' language: 'English'

[Info   : Unity Log] 10/27/2024 14:57:19: Loaded localization file #2 - 'heightmap_message' language: 'English'

[Info   : Unity Log] 10/27/2024 14:57:19: Loaded localization file #3 - 'localization_hildir' language: 'English'

[Info   : Unity Log] 10/27/2024 14:57:19: Loaded localization file #4 - 'localization_emotes' language: 'English'

[Info   : Unity Log] 10/27/2024 14:57:19: Loaded localization file #5 - 'localization_ashlands' language: 'English'

[Info   : Unity Log] 10/27/2024 14:57:19: Checking for installed DLCs

[Info   : Unity Log] 10/27/2024 14:57:19: DLC:beta installed:False

[Message:Boneappetit.BoneAppetit] Loaded Game VFX and SFX
[Message:Boneappetit.BoneAppetit] Load Complete. Bone Appetit yall.
[Info   :Jotunn.Main] Initializing ZoneManager
[Info   :SeedTotem.SeedTotemPrefabConfig] Registering Seed Totem Piece
[Info   :Jotunn.Main] Initializing KitbashManager
[Info   :Jotunn.Managers.KitbashManager] Applying Kitbash in 1 objects
[Info   :Jotunn.Managers.ItemManager] Adding 96 custom items to the ObjectDB
[Info   : Unity Log] [PrefabCreator] Added recipe: Recipe_LeatherQuiver
[Info   : Unity Log] [PrefabCreator] Added recipe: Recipe_ArrowWoodAnywhere
[Info   : Unity Log] [PrefabCreator] Added recipe: Recipe_FireArrowTransform
[Info   : Unity Log] [PrefabCreator] Added recipe: Recipe_PoisonArrowTransform
[Info   : Unity Log] [PrefabCreator] Added recipe: Recipe_SilverArrowTransform
[Info   : Unity Log] [PrefabCreator] Added recipe: Recipe_FrostArrowTransform
[Info   :Valharvest.Scripts.BoneAppetitBalance] SeagullEgg Loaded.
[Info   :Valharvest.Main] Load Complete.
[Info   :Jotunn.Managers.SkillManager] Registering 1 custom skills
[Info   : Unity Log] 10/27/2024 14:57:21: Sending PlayFab login request (attempt 1)

[Info   : Unity Log] 10/27/2024 14:57:21: Starting music menu

[Info   : Unity Log] 10/27/2024 14:57:23: PlayFab logged in as "Steam_76561198414638701"

[Info   : Unity Log] 10/27/2024 14:57:23: PlayFab local entity ID is 83E8AD0F02E50AA

